../Core/Src/main.c:264:7:_sin	8
../Core/Src/main.c:291:7:_cos	2
../Core/Src/main.c:298:7:cycle_diff	5
../Core/Src/main.c:317:7:_normalizeAngle	2
../Core/Src/main.c:324:7:_electricalAngle	1
../Core/Src/main.c:330:7:_sqrtApprox	1
../Core/Src/main.c:346:7:low_pass_filter	1
../Core/Src/main.c:351:7:PID_Calculate	3
../Core/Src/main.c:371:6:set_pwm_duty	4
../Core/Src/main.c:384:6:svpwm	8
../Core/Src/main.c:410:6:foc_forward	1
../Core/Src/main.c:420:7:velocityOpenloop	3
../Core/Src/main.c:439:6:FOC_Control	5
../Core/Src/main.c:506:6:Controller_Init	1
../Core/Src/main.c:533:10:AS5600_GetRawAngle	1
../Core/Src/main.c:549:6:AS5600_Init	1
../Core/Src/main.c:569:6:AS5600_StartDMAReading	1
../Core/Src/main.c:579:6:HAL_I2C_MemRxCpltCallback	2
../Core/Src/main.c:587:6:AS5600_ProcessData	6
../Core/Src/main.c:654:6:send_motor_feedback	1
../Core/Src/main.c:686:6:send_motor_info	1
../Core/Src/main.c:707:6:set_motor_info	2
../Core/Src/main.c:727:5:main	2
../Core/Src/main.c:846:6:SystemClock_Config	3
../Core/Src/main.c:883:6:HAL_TIM_PeriodElapsedCallback	4
../Core/Src/main.c:904:6:HAL_UART_RxCpltCallback	2
../Core/Src/main.c:916:6:HAL_CAN_RxFifo0MsgPendingCallback	2
../Core/Src/main.c:934:6:Error_Handler	1
