../Core/Src/main.c:264:7:_sin	16	static
../Core/Src/main.c:291:7:_cos	24	static
../Core/Src/main.c:298:7:cycle_diff	24	static
../Core/Src/main.c:317:7:_normalizeAngle	24	static
../Core/Src/main.c:324:7:_electricalAngle	16	static
../Core/Src/main.c:330:7:_sqrtApprox	24	static
../Core/Src/main.c:346:7:low_pass_filter	32	static
../Core/Src/main.c:351:7:PID_Calculate	56	static
../Core/Src/main.c:371:6:set_pwm_duty	40	static,ignoring_inline_asm
../Core/Src/main.c:384:6:svpwm	176	static
../Core/Src/main.c:410:6:foc_forward	48	static
../Core/Src/main.c:420:7:velocityOpenloop	40	static
../Core/Src/main.c:439:6:FOC_Control	48	static
../Core/Src/main.c:506:6:Controller_Init	16	static
../Core/Src/main.c:533:10:AS5600_GetRawAngle	40	static
../Core/Src/main.c:549:6:AS5600_Init	40	static
../Core/Src/main.c:569:6:AS5600_StartDMAReading	16	static
../Core/Src/main.c:579:6:HAL_I2C_MemRxCpltCallback	16	static
../Core/Src/main.c:587:6:AS5600_ProcessData	32	static
../Core/Src/main.c:654:6:send_motor_feedback	24	static
../Core/Src/main.c:686:6:send_motor_info	24	static
../Core/Src/main.c:707:6:set_motor_info	8	static
../Core/Src/main.c:727:5:main	112	static
../Core/Src/main.c:846:6:SystemClock_Config	72	static
../Core/Src/main.c:883:6:HAL_TIM_PeriodElapsedCallback	24	static
../Core/Src/main.c:904:6:HAL_UART_RxCpltCallback	16	static
../Core/Src/main.c:916:6:HAL_CAN_RxFifo0MsgPendingCallback	16	static
../Core/Src/main.c:934:6:Error_Handler	4	static,ignoring_inline_asm
