../Core/Src/main.c:234:7:_sin	8
../Core/Src/main.c:261:7:_cos	2
../Core/Src/main.c:268:7:cycle_diff	5
../Core/Src/main.c:287:7:_normalizeAngle	2
../Core/Src/main.c:294:7:_electricalAngle	1
../Core/Src/main.c:300:7:_sqrtApprox	1
../Core/Src/main.c:316:7:low_pass_filter	1
../Core/Src/main.c:321:7:PID_Calculate	3
../Core/Src/main.c:341:6:set_pwm_duty	4
../Core/Src/main.c:354:6:svpwm	8
../Core/Src/main.c:380:6:foc_forward	1
../Core/Src/main.c:390:7:velocityOpenloop	3
../Core/Src/main.c:409:6:FOC_Control	5
../Core/Src/main.c:472:6:Controller_Init	1
../Core/Src/main.c:499:10:AS5600_GetRawAngle	1
../Core/Src/main.c:515:6:AS5600_Init	1
../Core/Src/main.c:536:6:AS5600_StartDMAReading	1
../Core/Src/main.c:546:6:HAL_I2C_MemRxCpltCallback	2
../Core/Src/main.c:554:6:AS5600_ProcessData	6
../Core/Src/main.c:622:5:main	1
../Core/Src/main.c:700:6:SystemClock_Config	3
../Core/Src/main.c:737:6:HAL_TIM_PeriodElapsedCallback	4
../Core/Src/main.c:759:6:HAL_UART_RxCpltCallback	2
../Core/Src/main.c:775:6:Error_Handler	1
